// Jest Snapshot v1, https://goo.gl/fbAQLP

exports[`component Pagination should correct render 1`] = `
<ul
  className="list"
>
  <li>
    <button
      className="listButton"
      onClick={[Function]}
      type="button"
    >
       &lt;&lt;
    </button>
  </li>
  <li>
    <button
      className="listButton"
      onClick={[Function]}
      type="button"
    >
      1
    </button>
  </li>
  <li>
    <button
      className="listButton isActive"
      onClick={[Function]}
      type="button"
    >
      2
    </button>
  </li>
  <li>
    <button
      className="listButton"
      onClick={[Function]}
      type="button"
    >
      3
    </button>
  </li>
  <li>
    <button
      className="listButton"
      onClick={[Function]}
      type="button"
    >
      4
    </button>
  </li>
  <li>
    <button
      className="listButton"
      onClick={[Function]}
      type="button"
    >
      5
    </button>
  </li>
  <li>
    <button
      className="listButton"
      onClick={[Function]}
      type="button"
    >
      6
    </button>
  </li>
  <li>
    <button
      className="listButton"
      onClick={[Function]}
      type="button"
    >
      7
    </button>
  </li>
  <li>
    <button
      className="listButton"
      onClick={[Function]}
      type="button"
    >
      8
    </button>
  </li>
  <li>
    <button
      className="listButton"
      onClick={[Function]}
      type="button"
    >
      9
    </button>
  </li>
  <li>
    <button
      className="listButton"
      onClick={[Function]}
      type="button"
    >
      10
    </button>
  </li>
  <li>
    <button
      className="listButton"
      onClick={[Function]}
      type="button"
    >
      &gt;&gt;
    </button>
  </li>
</ul>
`;
